// Jest Snapshot v1, https://goo.gl/fbAQLP

exports[`Joi Password Validation should fail if password is weak 1`] = `[ValidationError: ""password"" must be a strong password]`;
